[36mvite v8.0.3 [32mbuilding client environment for production...[36m[39m
[2K
transforming...Γ£ô 43 modules transformed.
rendering chunks...
node.exe : [31mΓ£ù[39m Build failed in 350ms
At D:\nodejs\npx.ps1:29 char:3
+   & $NODE_EXE $NPX_CLI_JS $args
+   ~~~~~~~~~~~~~~~~~~~~~~~~~~~~~
    + CategoryInfo          : NotSpecified: ([31mΓ£ù[3 
   9m Build failed in 350ms:String) [], RemoteException
    + FullyQualifiedErrorId : NativeCommandError
 
[31merror during build:
[31mBuild failed with 2 errors:

[31m[MISSING_EXPORT] Error:[0m "FaceMesh" is not 
exported by 
"node_modules/@mediapipe/face_mesh/face_mesh.js".
   [38;5;246mΓò¡[0m[38;5;246mΓöÇ[0m[38;5;246m[[0m 
src/components/FacialAnalyzer.jsx:3:10 [38;5;246m][0m
   [38;5;246mΓöé[0m
 [38;5;246m3 Γöé[0m [38;5;249mi[0m[38;5;249mm[0m[3
8;5;249mp[0m[38;5;249mo[0m[38;5;249mr[0m[38;5;249mt
[0m[38;5;249m [0m[38;5;249m{[0m[38;5;249m 
[0mFaceMesh[38;5;249m [0m[38;5;249m}[0m[38;5;249m 
[0m[38;5;249mf[0m[38;5;249mr[0m[38;5;249mo[0m[38;5
;249mm[0m[38;5;249m [0m[38;5;249m"[0m[38;5;249m@[0
m[38;5;249mm[0m[38;5;249me[0m[38;5;249md[0m[38;5;2
49mi[0m[38;5;249ma[0m[38;5;249mp[0m[38;5;249mi[0m
[38;5;249mp[0m[38;5;249me[0m[38;5;249m/[0m[38;5;249
mf[0m[38;5;249ma[0m[38;5;249mc[0m[38;5;249me[0m[3
8;5;249m_[0m[38;5;249mm[0m[38;5;249me[0m[38;5;249ms
[0m[38;5;249mh[0m[38;5;249m"[0m[38;5;249m;[0m
 [38;5;240m  Γöé[0m          ΓöÇΓöÇΓöÇΓöÇΓö¼ΓöÇΓöÇΓöÇ  
 [38;5;240m  Γöé[0m              Γò░ΓöÇΓöÇΓöÇΓöÇΓöÇ 
Missing export
[38;5;246mΓöÇΓöÇΓöÇΓò»[0m

[31m[MISSING_EXPORT] Error:[0m "Camera" is not 
exported by 
"node_modules/@mediapipe/camera_utils/camera_utils.js".
   [38;5;246mΓò¡[0m[38;5;246mΓöÇ[0m[38;5;246m[[0m 
src/components/FacialAnalyzer.jsx:4:10 [38;5;246m][0m
   [38;5;246mΓöé[0m
 [38;5;246m4 Γöé[0m [38;5;249mi[0m[38;5;249mm[0m[3
8;5;249mp[0m[38;5;249mo[0m[38;5;249mr[0m[38;5;249mt
[0m[38;5;249m [0m[38;5;249m{[0m[38;5;249m 
[0mCamera[38;5;249m [0m[38;5;249m}[0m[38;5;249m [0
m[38;5;249mf[0m[38;5;249mr[0m[38;5;249mo[0m[38;5;2
49mm[0m[38;5;249m [0m[38;5;249m"[0m[38;5;249m@[0m
[38;5;249mm[0m[38;5;249me[0m[38;5;249md[0m[38;5;249
mi[0m[38;5;249ma[0m[38;5;249mp[0m[38;5;249mi[0m[3
8;5;249mp[0m[38;5;249me[0m[38;5;249m/[0m[38;5;249mc
[0m[38;5;249ma[0m[38;5;249mm[0m[38;5;249me[0m[38;
5;249mr[0m[38;5;249ma[0m[38;5;249m_[0m[38;5;249mu[
0m[38;5;249mt[0m[38;5;249mi[0m[38;5;249ml[0m[38;5;
249ms[0m[38;5;249m"[0m[38;5;249m;[0m
 [38;5;240m  Γöé[0m          ΓöÇΓöÇΓöÇΓö¼ΓöÇΓöÇ  
 [38;5;240m  Γöé[0m             Γò░ΓöÇΓöÇΓöÇΓöÇ 
Missing export
[38;5;246mΓöÇΓöÇΓöÇΓò»[0m
[31m
    at aggregateBindingErrorsIntoJsError (file:///C:/User
s/GOKUL/OneDrive/Desktop/coding/CogniScan/frontend/node_m
odules/rolldown/dist/shared/error-BLhcSyeg.mjs:48:18)
    at unwrapBindingResult (file:///C:/Users/GOKUL/OneDri
ve/Desktop/coding/CogniScan/frontend/node_modules/rolldow
n/dist/shared/error-BLhcSyeg.mjs:18:128)
    at #build (file:///C:/Users/GOKUL/OneDrive/Desktop/co
ding/CogniScan/frontend/node_modules/rolldown/dist/shared
/rolldown-build-CPrIX9V6.mjs:3313:34)
    at async buildEnvironment (file:///C:/Users/GOKUL/One
Drive/Desktop/coding/CogniScan/frontend/node_modules/vite
/dist/node/chunks/node.js:32849:64)
    at async Object.build (file:///C:/Users/GOKUL/OneDriv
e/Desktop/coding/CogniScan/frontend/node_modules/vite/dis
t/node/chunks/node.js:33271:19)
    at async Object.buildApp (file:///C:/Users/GOKUL/OneD
rive/Desktop/coding/CogniScan/frontend/node_modules/vite/
dist/node/chunks/node.js:33268:153)
    at async CAC.<anonymous> (file:///C:/Users/GOKUL/OneD
rive/Desktop/coding/CogniScan/frontend/node_modules/vite/
dist/node/cli.js:778:3) {
  errors: [Getter/Setter]
}[39m
